
> hl-servicios-profesionales@0.0.1 predev
> node -e "require('fs').rmSync('.astro/data-store.json',{force:true});require('fs').rmSync('node_modules/.astro/data-store.json',{force:true})"


> hl-servicios-profesionales@0.0.1 dev
> astro dev

[2m16:19:29[22m [34m[vite][39m connected.
[2m16:19:32[22m [34m[types][39m Generated [2m2ms[22m
[2m16:19:32[22m [34m[vite][39m connected.
[2m16:19:33[22m [34m[content][39m Syncing content
[2m16:19:34[22m [34m[content][39m Synced content
[2m16:19:34[22m [34m[vite][39m Re-optimizing dependencies because vite config has changed
[42m[1m astro [22m[49m [32mv7.2.2[39m [2mready in[22m 7188 [2mms[22m
[2m┃[22m Local    [36mhttp://127.0.0.1:4321/[39m
[2m16:19:34[22m [32mwatching for file changes...[39m
[2m16:19:35[22m [34m[vite][39m [optimizer] scanning dependencies...
[2m16:19:37[22m [34m[vite][39m [optimizer] bundling dependencies...
[2m16:19:49[22m [34m[200][39m /keystatic/singleton/textos [2m3271ms[22m
[2m16:19:59[22m [34m[200][39m /contacto [2m1270ms[22m
[2m16:20:26[22m [34m[vite][39m [optimizer] bundling dependencies...
[2m16:20:43[22m [34m[200][39m / [2m2649ms[22m
[2m16:20:43[22m [34m[200][39m /api/keystatic/tree [2m3517ms[22m
[2m16:20:44[22m [34m[200][39m /api/keystatic/blob/12eb248cecc6a2f469d71886fde3aca70f1ddb62/public/images/contables/image.avif [2m155ms[22m
[2m16:20:44[22m [34m[200][39m /api/keystatic/blob/37eb8bc4d656678aff94bf1e9be2e4c4641cbb87/src/content/textos/index.yaml [2m19ms[22m
[2m16:20:44[22m [34m[200][39m /api/keystatic/blob/ee064cf6cdbbff5e74c2237f63684f5f1d6e350e/public/images/firma-contrato.jpg [2m17ms[22m
[2m16:20:44[22m [34m[200][39m /api/keystatic/blob/10ededdfff7a214e7142762718f112e7f6ce3db4/public/images/hero/image.jpg [2m40ms[22m
[2m16:20:45[22m [34m[200][39m /api/keystatic/blob/57e28c3511fe6e30d189f633df49771f9ca168ac/public/images/img04-large.jpg [2m83ms[22m
[2m16:20:45[22m [34m[200][39m /api/keystatic/blob/87a56efae4da0792282e6d4030fff17a61687308/public/images/juridicos/image.jpg [2m63ms[22m
[2m16:20:45[22m [34m[200][39m /api/keystatic/blob/821eee6ce8b2c05ad5473ab7f8c044090019d995/public/images/logo.png [2m20ms[22m
[2m16:20:45[22m [34m[200][39m /api/keystatic/blob/7a133d2d94949d38a29dd0a1d8e1891cf772b384/public/images/LOGO-ENCABEZADO-WEB-1.png [2m34ms[22m
[2m16:20:45[22m [34m[200][39m /api/keystatic/blob/94a6004e96417672b00b8fb6b5469ce04729210e/public/images/pensiones.jpg [2m52ms[22m
[2m16:20:45[22m [34m[200][39m /api/keystatic/blob/9bed8cbf9cfa6078773c865fc48e151e2b91e777/public/images/seguros/image.jpg [2m21ms[22m
[2m16:20:45[22m [34m[200][39m /api/keystatic/blob/6558f1ae1205761ad41d9910d2e0fb186863c474/public/images/serviceImages/1/image.jpg [2m129ms[22m
[2m16:20:45[22m [34m[200][39m /api/keystatic/blob/3ca354a7d1f9bc050b178ec7ae858904f1886786/public/images/seguridad-social/image.avif [2m443ms[22m
[2m16:20:46[22m [34m[200][39m /api/keystatic/blob/1e7ca2006f10d76414c27b6a520820aece2cd14b/public/images/serviceImages/0/image.jpg [2m23ms[22m
[2m16:20:46[22m [34m[200][39m /api/keystatic/blob/d97de13c4986f6da810ffeb1bb46cac82a2a415f/public/images/serviceImages/3/image.jpg [2m15ms[22m
[2m16:21:00[22m [34m[vite][39m [32mdependencies optimized: [33mastro/virtual-modules/transitions-events.js, astro/virtual-modules/transitions-router.js, astro/virtual-modules/transitions-swap-functions.js, astro/virtual-modules/transitions-types.js[32m[39m
[2m16:21:14[22m [34m[200][39m /servicios [2m349ms[22m
[2m16:21:18[22m [34m[200][39m / [2m78ms[22m
[2m16:21:34[22m [34m[200][39m /contacto [2m20ms[22m
[2m16:21:40[22m [34m[200][39m / [2m22ms[22m
[2m16:21:41[22m [34m[200][39m / [2m21ms[22m
[2m16:21:44[22m [34m[200][39m /contacto [2m12ms[22m
[2m16:23:35[22m [34m[200][39m /como-me-afilio [2m1480ms[22m
[2m16:23:35[22m [34m[200][39m /noticias [2m1569ms[22m
[2m16:23:35[22m [34m[200][39m /como-me-afilio [2m35ms[22m
[2m16:23:44[22m [34m[200][39m /servicios [2m400ms[22m
[2m16:23:46[22m [33m[404][39m /images/imagen-1920x952.jpg [2m179ms[22m
[2m16:23:47[22m [33m[404][39m /images/imagen-1920x952.jpg [2m29ms[22m
[2m16:23:52[22m [34m[200][39m /quienes-somos [2m499ms[22m
[2m16:23:53[22m [34m[200][39m /quienes-somos [2m182ms[22m
[2m16:23:57[22m [34m[200][39m / [2m38ms[22m
[2m16:23:58[22m [34m[200][39m / [2m129ms[22m
[2m16:24:01[22m [34m[200][39m /servicios [2m396ms[22m
[2m16:24:02[22m [33m[404][39m /images/imagen-1920x952.jpg [2m4ms[22m
[2m16:24:02[22m [33m[404][39m /images/imagen-1920x952.jpg [2m5ms[22m
[2m16:24:05[22m [34m[200][39m /como-me-afilio [2m51ms[22m
[2m16:24:10[22m [34m[200][39m /noticias [2m30ms[22m
[2m16:24:15[22m [34m[200][39m /contacto [2m37ms[22m
[2m16:24:15[22m [34m[200][39m /contacto [2m36ms[22m
[2m16:24:39[22m [34m[200][39m /contacto [2m790ms[22m
[2m16:24:50[22m [34m[200][39m / [2m22ms[22m
[2m16:24:58[22m [34m[200][39m /contacto [2m41ms[22m
[2m16:25:04[22m [34m[200][39m /quienes-somos [2m28ms[22m
[2m16:25:26[22m [34m[200][39m / [2m36ms[22m
[2m16:28:26[22m [34m[watch][39m /src/styles/global.css
[2m16:28:32[22m [34m[watch][39m src/layouts/Layout.astro
[2m16:28:34[22m [34m[200][39m /keystatic/singleton/textos [2m183ms[22m
[2m16:28:35[22m [34m[200][39m /contacto [2m79ms[22m
[2m16:28:35[22m [34m[200][39m /contacto [2m80ms[22m
[2m16:28:42[22m [34m[200][39m /api/keystatic/tree [2m1360ms[22m
[2m16:28:43[22m [34m[200][39m /api/keystatic/blob/12eb248cecc6a2f469d71886fde3aca70f1ddb62/public/images/contables/image.avif [2m19ms[22m
[2m16:28:43[22m [34m[200][39m /api/keystatic/blob/3ca354a7d1f9bc050b178ec7ae858904f1886786/public/images/seguridad-social/image.avif [2m19ms[22m
[2m16:28:43[22m [34m[200][39m /api/keystatic/blob/37eb8bc4d656678aff94bf1e9be2e4c4641cbb87/src/content/textos/index.yaml [2m26ms[22m
[2m16:28:43[22m [34m[200][39m /api/keystatic/blob/57e28c3511fe6e30d189f633df49771f9ca168ac/public/images/img04-large.jpg [2m6ms[22m
[2m16:28:43[22m [34m[200][39m /api/keystatic/blob/10ededdfff7a214e7142762718f112e7f6ce3db4/public/images/hero/image.jpg [2m12ms[22m
[2m16:28:43[22m [34m[200][39m /api/keystatic/blob/ee064cf6cdbbff5e74c2237f63684f5f1d6e350e/public/images/firma-contrato.jpg [2m8ms[22m
[2m16:28:43[22m [34m[200][39m /api/keystatic/blob/821eee6ce8b2c05ad5473ab7f8c044090019d995/public/images/logo.png [2m3ms[22m
[2m16:28:43[22m [34m[200][39m /api/keystatic/blob/87a56efae4da0792282e6d4030fff17a61687308/public/images/juridicos/image.jpg [2m9ms[22m
[2m16:28:43[22m [34m[200][39m /api/keystatic/blob/d97de13c4986f6da810ffeb1bb46cac82a2a415f/public/images/serviceImages/3/image.jpg [2m16ms[22m
[2m16:28:43[22m [34m[200][39m /api/keystatic/blob/7a133d2d94949d38a29dd0a1d8e1891cf772b384/public/images/LOGO-ENCABEZADO-WEB-1.png [2m32ms[22m
[2m16:28:43[22m [34m[200][39m /api/keystatic/blob/94a6004e96417672b00b8fb6b5469ce04729210e/public/images/pensiones.jpg [2m9ms[22m
[2m16:28:43[22m [34m[200][39m /api/keystatic/blob/9bed8cbf9cfa6078773c865fc48e151e2b91e777/public/images/seguros/image.jpg [2m14ms[22m
[2m16:28:43[22m [34m[200][39m /api/keystatic/blob/1e7ca2006f10d76414c27b6a520820aece2cd14b/public/images/serviceImages/0/image.jpg [2m13ms[22m
[2m16:28:43[22m [34m[200][39m /api/keystatic/blob/6558f1ae1205761ad41d9910d2e0fb186863c474/public/images/serviceImages/1/image.jpg [2m21ms[22m
[2m16:30:11[22m [34m[200][39m / [2m56ms[22m
[2m16:30:19[22m [34m[200][39m / [2m31ms[22m
[2m16:30:20[22m [34m[200][39m / [2m15ms[22m
[2m16:31:04[22m [34m[200][39m / [2m35ms[22m
[2m16:31:04[22m [34m[200][39m /contacto [2m29ms[22m
[2m16:31:10[22m [34m[200][39m / [2m21ms[22m
[2m16:31:10[22m [34m[200][39m / [2m17ms[22m
[2m16:31:18[22m [34m[200][39m /como-me-afilio [2m147ms[22m
[2m16:31:18[22m [34m[200][39m /como-me-afilio [2m41ms[22m
[2m16:31:51[22m [34m[200][39m /contacto [2m33ms[22m
[2m16:31:52[22m [34m[200][39m /quienes-somos [2m95ms[22m
[2m16:31:52[22m [34m[200][39m /quienes-somos [2m16ms[22m
[2m16:31:53[22m [34m[200][39m / [2m18ms[22m
[2m16:33:09[22m [34m[watch][39m /src/styles/global.css
[2m16:33:49[22m [34m[watch][39m src/layouts/Layout.astro
[2m16:33:50[22m [34m[200][39m /keystatic/singleton/textos [2m130ms[22m
[2m16:33:52[22m [34m[200][39m /contacto [2m99ms[22m
[2m16:33:52[22m [34m[200][39m / [2m171ms[22m
[2m16:33:58[22m [34m[200][39m /api/keystatic/tree [2m825ms[22m
[2m16:33:59[22m [34m[200][39m /api/keystatic/blob/37eb8bc4d656678aff94bf1e9be2e4c4641cbb87/src/content/textos/index.yaml [2m29ms[22m
[2m16:33:59[22m [34m[200][39m /api/keystatic/blob/1e7ca2006f10d76414c27b6a520820aece2cd14b/public/images/serviceImages/0/image.jpg [2m15ms[22m
[2m16:33:59[22m [34m[200][39m /api/keystatic/blob/12eb248cecc6a2f469d71886fde3aca70f1ddb62/public/images/contables/image.avif [2m11ms[22m
[2m16:33:59[22m [34m[200][39m /api/keystatic/blob/6558f1ae1205761ad41d9910d2e0fb186863c474/public/images/serviceImages/1/image.jpg [2m25ms[22m
[2m16:33:59[22m [34m[200][39m /api/keystatic/blob/ee064cf6cdbbff5e74c2237f63684f5f1d6e350e/public/images/firma-contrato.jpg [2m24ms[22m
[2m16:33:59[22m [34m[200][39m /api/keystatic/blob/10ededdfff7a214e7142762718f112e7f6ce3db4/public/images/hero/image.jpg [2m15ms[22m
[2m16:33:59[22m [34m[200][39m /api/keystatic/blob/57e28c3511fe6e30d189f633df49771f9ca168ac/public/images/img04-large.jpg [2m18ms[22m
[2m16:33:59[22m [34m[200][39m /api/keystatic/blob/87a56efae4da0792282e6d4030fff17a61687308/public/images/juridicos/image.jpg [2m23ms[22m
[2m16:33:59[22m [34m[200][39m /api/keystatic/blob/7a133d2d94949d38a29dd0a1d8e1891cf772b384/public/images/LOGO-ENCABEZADO-WEB-1.png [2m28ms[22m
[2m16:33:59[22m [34m[200][39m /api/keystatic/blob/821eee6ce8b2c05ad5473ab7f8c044090019d995/public/images/logo.png [2m15ms[22m
[2m16:33:59[22m [34m[200][39m /api/keystatic/blob/94a6004e96417672b00b8fb6b5469ce04729210e/public/images/pensiones.jpg [2m23ms[22m
[2m16:33:59[22m [34m[200][39m /api/keystatic/blob/3ca354a7d1f9bc050b178ec7ae858904f1886786/public/images/seguridad-social/image.avif [2m28ms[22m
[2m16:33:59[22m [34m[200][39m /api/keystatic/blob/9bed8cbf9cfa6078773c865fc48e151e2b91e777/public/images/seguros/image.jpg [2m24ms[22m
[2m16:33:59[22m [34m[200][39m /api/keystatic/blob/d97de13c4986f6da810ffeb1bb46cac82a2a415f/public/images/serviceImages/3/image.jpg [2m6ms[22m
[2m16:35:09[22m [34m[200][39m / [2m15ms[22m
[2m16:35:20[22m [34m[200][39m / [2m32ms[22m
[2m16:36:52[22m [34m[200][39m / [2m56ms[22m
[2m16:38:07[22m [34m[200][39m / [2m16ms[22m
[2m16:38:07[22m [34m[200][39m /contacto [2m19ms[22m
[2m16:38:11[22m [34m[200][39m /contacto [2m10ms[22m
[2m16:59:50[22m [34m[200][39m / [2m1030ms[22m
[2m17:17:29[22m [34m[200][39m / [2m1188ms[22m
